// Jest Snapshot v1, https://goo.gl/fbAQLP

exports[`Loader Defaults 1`] = `"let __webpak_demo__ = \\"<div>Hello</div>\\""`;
